[aeroapi] key unavailable; using public feed
[flight-telemetry] {
  callsignRequested: 'UA219',
  callsign: 'UAL219',
  registration: 'N219UA',
  hex: 'a21900',
  destination: { iata: 'HNL', icao: 'PHNL', lat: 21.3187, lon: -157.9225 },
  livePosition: { lat: 24.95, lon: -153.1667 },
  altitudeFt: 36000,
  groundspeedKt: 462,
  onGround: false,
  track: 237,
  verticalRateFpm: null,
  phase: 'cruise',
  headingToDestinationDelta: 5.74751028259675,
  isFinalApproach: false,
  routeRemainingNm: 343.7217891419603,
  directToDestNm: 341.23417427770994,
  remainingNm: 343.7217891419603,
  etaMin: 47.469266664981845,
  currentStage: 'ride',
  arrivalStatus: 'airborne',
  ourLanded: false,
  positionProvider: 'flightaware-public',
  positionSeenAt: 1790983588,
  positionAgeSec: 63.84400010108948,
  flightawarePosition: null,
  fr24Position: null,
  adsbPosition: null,
  providerStatus: { flightaware: 'DISABLED', fr24: 'DISABLED' },
  providerEta: { flightaware: null, fr24: null },
  providerDistancesNm: {
    flightawareToFr24: null,
    flightawareToAdsb: null,
    fr24ToAdsb: null
  },
  fusionDisagreementNm: null,
  filedRouteDeviationNm: 45.04414723586649,
  displayPathSource: 'direct'
}
[story-request] {"scheduleSource":"flightaware_public","fallbackOutcome":"not_needed","cacheStatus":"miss","event":"story_request","requested":"UA219","fresh":true,"durationMs":100,"outcome":"ok","errorCategory":null}
[aeroapi] key unavailable; using public feed
[schedule-fallback-unavailable] {
  callsign: 'UAL219',
  reason: 'Current flight route unavailable: schedule provider returned HTTP 402 (unidentified response; host=www.flightaware.com; server=absent; type=absent; bodyChars=0; branding=unidentifi'
}
[story-request] {"scheduleSource":"saved_resume","fallbackOutcome":"resume_used","cacheStatus":"miss","event":"story_request","requested":"UA219","fresh":true,"durationMs":31,"outcome":"error","errorCategory":"source_unavailable"}
✖ UA219 actual takeoff survives provider-ID to FlightStats fallback to provider-ID, cold start and >2h gap (4801.943559ms)
ℹ tests 1
ℹ suites 0
ℹ pass 0
ℹ fail 1
ℹ cancelled 0
ℹ skipped 0
ℹ todo 0
ℹ duration_ms 15128.405879

✖ failing tests:

test at scripts/takeoff-floor-replay.test.mjs:16:1
✖ UA219 actual takeoff survives provider-ID to FlightStats fallback to provider-ID, cold start and >2h gap (4801.943559ms)
  Error: Schedule updates are delayed, and no fresh position is available for this flight. Please try again shortly.
      at loadFlightStoryCore (file:///workspace/scratch/edf34a5d3bf1/inbound/node_modules/.takeoff-replay-NoZ47p/story.mjs?instance=2:11695:17)
      at async file:///workspace/scratch/edf34a5d3bf1/inbound/node_modules/.takeoff-replay-NoZ47p/story.mjs?instance=2:2633:19
      ... 2 lines matching cause stack trace ...
      at async startSubtestAfterBootstrap (node:internal/test_runner/harness:387:3) {
    [cause]: Error: Schedule updates are delayed, and no fresh position is available for this flight. Please try again shortly.
        at buildStory (file:///workspace/scratch/edf34a5d3bf1/inbound/node_modules/.takeoff-replay-NoZ47p/story.mjs?instance=2:10437:83)
        at async loadFlightStoryCore (file:///workspace/scratch/edf34a5d3bf1/inbound/node_modules/.takeoff-replay-NoZ47p/story.mjs?instance=2:11688:11)
        at async file:///workspace/scratch/edf34a5d3bf1/inbound/node_modules/.takeoff-replay-NoZ47p/story.mjs?instance=2:2633:19
        at async TestContext.<anonymous> (file:///workspace/scratch/83746901af9a/inbound-11ab-clock-repro/scripts/takeoff-floor-replay.test.mjs:60:20)
        at async Test.run (node:internal/test_runner/test:1389:7)
        at async startSubtestAfterBootstrap (node:internal/test_runner/harness:387:3)
  }
