npm warn Unknown env config "http-proxy". This will stop working in the next major version of npm.

> build
> node scripts/with-app-env.mjs vite build && npm run db:migrate

[nitro:vercel] ℹ Using nodejs24.x runtime.
[nitro:vercel] ℹ Using web entry format.
vite v8.3.2 building client environment for production...
transforming...
✓ 1966 modules transformed.
rendering chunks...
computing gzip size...
.vercel/output/static/assets/styles-Sj0FFh80.css   59.13 kB │ gzip:  11.53 kB
.vercel/output/static/assets/routes-DfZ_Fgnx.js     0.07 kB │ gzip:   0.09 kB
.vercel/output/static/assets/routes-CIgjCf9O.js   472.29 kB │ gzip: 156.27 kB
.vercel/output/static/assets/index-B0bQQP1j.js    552.58 kB │ gzip: 164.11 kB

[plugin builtin:vite-reporter] 
(!) Some chunks are larger than 500 kB after minification. Consider:
- Using dynamic import() to code-split the application
- Use build.rolldownOptions.output.codeSplitting to improve chunking: https://rolldown.rs/reference/OutputOptions.codeSplitting
- Adjust chunk size limit for this warning via build.chunkSizeWarningLimit.
✓ built in 1.16s
vite v8.3.2 building ssr environment for production...
transforming...
✓ 165 modules transformed.
rendering chunks...
computing gzip size...
node_modules/.nitro/vite/services/ssr/assets/styles-Sj0FFh80.css                      59.13 kB │ gzip:  11.53 kB
node_modules/.nitro/vite/services/ssr/assets/db-ClbpQBI4.js                            0.07 kB │ gzip:   0.07 kB
node_modules/.nitro/vite/services/ssr/assets/start-DGEg3-wn.js                         0.17 kB │ gzip:   0.15 kB
node_modules/.nitro/vite/services/ssr/assets/routes-uEJmnR-k.js                        0.22 kB │ gzip:   0.15 kB
node_modules/.nitro/vite/services/ssr/assets/empty-plugin-adapters-BrQTGM_o.js         0.25 kB │ gzip:   0.18 kB
node_modules/.nitro/vite/services/ssr/assets/createServerRpc-CCnqrCeu.js               0.41 kB │ gzip:   0.28 kB
node_modules/.nitro/vite/services/ssr/assets/_tanstack-start-manifest_v-Cw57Ysx-.js    0.59 kB │ gzip:   0.34 kB
node_modules/.nitro/vite/services/ssr/assets/presentation-time-BTWz2zPa.js             0.84 kB │ gzip:   0.47 kB
node_modules/.nitro/vite/services/ssr/assets/brief-DHad3R7o.js                         5.70 kB │ gzip:   2.36 kB
node_modules/.nitro/vite/services/ssr/assets/ground-position-BI5MUbIh.js               7.20 kB │ gzip:   2.08 kB
node_modules/.nitro/vite/services/ssr/assets/geo-BkFZ0yE-.js                           8.05 kB │ gzip:   2.61 kB
node_modules/.nitro/vite/services/ssr/assets/flight-data-cfhbApH2.js                   9.10 kB │ gzip:   3.15 kB
node_modules/.nitro/vite/services/ssr/assets/airport-surface-BbUBYFXe.js              13.49 kB │ gzip:   4.40 kB
node_modules/.nitro/vite/services/ssr/assets/baggage-DNcUXtkF.js                      19.62 kB │ gzip:   5.49 kB
node_modules/.nitro/vite/services/ssr/assets/adsb-fusion-_AENbh2J.js                  20.64 kB │ gzip:   5.79 kB
node_modules/.nitro/vite/services/ssr/assets/brief-copy-DgE3eFOV.js                   22.78 kB │ gzip:   6.41 kB
node_modules/.nitro/vite/services/ssr/assets/router-VSF1KBkx.js                       76.62 kB │ gzip:  17.49 kB
node_modules/.nitro/vite/services/ssr/index.js                                        77.73 kB │ gzip:  19.83 kB
node_modules/.nitro/vite/services/ssr/assets/route-memory-C-pJGyt4.js                 95.35 kB │ gzip:  30.06 kB
node_modules/.nitro/vite/services/ssr/assets/story-Bv8zJnoy.js                       309.88 kB │ gzip:  82.15 kB
node_modules/.nitro/vite/services/ssr/assets/routes-B5avQBpp.js                      514.72 kB │ gzip: 138.82 kB

[33m[INEFFECTIVE_DYNAMIC_IMPORT] [0msrc/lib/db.ts is dynamically imported by src/lib/arrival-state-store.server.ts, src/lib/route-memory-store.server.ts but also statically imported by src/lib/flight-phase-state.server.ts, dynamic import will not move module into another chunk.

✓ built in 755ms

[nitro] ◐ Building [Nitro] (preset: vercel, compatibility: 2026-09-28)
[nitro] ✔ Generated public .vercel/output/static
vite v8.3.2 building nitro environment for production...
`output.codeSplitting.groups[0].name` is a function. Set `output.codeSplitting.groups[0].debugName` so the bundler timing report can identify this group.
transforming...
✓ 2002 modules transformed.
rendering chunks...
computing gzip size...
.vercel/output/functions/__server.func/_ssr/db-ClbpQBI4.mjs                       0.07 kB │ gzip:   0.08 kB
.vercel/output/functions/__server.func/_ssr/start-DGEg3-wn.mjs                    0.16 kB │ gzip:   0.15 kB
.vercel/output/functions/__server.func/_ssr/empty-plugin-adapters-BrQTGM_o.mjs    0.25 kB │ gzip:   0.18 kB
.vercel/output/functions/__server.func/_ssr/routes-uEJmnR-k.mjs                   0.27 kB │ gzip:   0.19 kB
.vercel/output/functions/__server.func/_ssr/createServerRpc-CCnqrCeu.mjs          0.41 kB │ gzip:   0.28 kB
.vercel/output/functions/__server.func/_tanstack-start-manifest_v-Cw57Ysx-.mjs    0.68 kB │ gzip:   0.39 kB
.vercel/output/functions/__server.func/_ssr/presentation-time-BTWz2zPa.mjs        0.92 kB │ gzip:   0.53 kB
.vercel/output/functions/__server.func/_chunks/ssr-renderer.mjs                   1.01 kB │ gzip:   0.51 kB
.vercel/output/functions/__server.func/_runtime.mjs                               1.92 kB │ gzip:   0.87 kB
.vercel/output/functions/__server.func/_libs/zustand.mjs                          1.96 kB │ gzip:   0.73 kB
.vercel/output/functions/__server.func/_libs/class-variance-authority+clsx.mjs    3.22 kB │ gzip:   1.27 kB
.vercel/output/functions/__server.func/_ssr/brief-DHad3R7o.mjs                    5.76 kB │ gzip:   2.41 kB
.vercel/output/functions/__server.func/_ssr/ground-position-BI5MUbIh.mjs          7.26 kB │ gzip:   2.12 kB
.vercel/output/functions/__server.func/_ssr/geo-BkFZ0yE-.mjs                      8.12 kB │ gzip:   2.67 kB
.vercel/output/functions/__server.func/_ssr/flight-data-cfhbApH2.mjs              9.12 kB │ gzip:   3.20 kB
.vercel/output/functions/__server.func/_libs/h3-v2+rou3.mjs                       9.88 kB │ gzip:   3.08 kB
.vercel/output/functions/__server.func/_libs/lucide-react.mjs                    10.29 kB │ gzip:   2.66 kB
.vercel/output/functions/__server.func/_libs/tanstack__history.mjs               12.53 kB │ gzip:   3.73 kB
.vercel/output/functions/__server.func/_ssr/airport-surface-BbUBYFXe.mjs         13.48 kB │ gzip:   4.44 kB
.vercel/output/functions/__server.func/_ssr/baggage-DNcUXtkF.mjs                 19.53 kB │ gzip:   5.51 kB
.vercel/output/functions/__server.func/_ssr/adsb-fusion-_AENbh2J.mjs             20.71 kB │ gzip:   5.86 kB
.vercel/output/functions/__server.func/_libs/h3+rou3+srvx.mjs                    22.68 kB │ gzip:   6.14 kB
.vercel/output/functions/__server.func/_ssr/brief-copy-DgE3eFOV.mjs              22.85 kB │ gzip:   6.47 kB
.vercel/output/functions/__server.func/_libs/@tanstack/router-core+[...].mjs     30.01 kB │ gzip:   8.01 kB
.vercel/output/functions/__server.func/index.mjs                                 31.85 kB │ gzip:   9.97 kB
.vercel/output/functions/__server.func/_libs/react+tanstack__react-query.mjs     32.70 kB │ gzip:   8.48 kB
.vercel/output/functions/__server.func/_libs/sonner.mjs                          53.68 kB │ gzip:  12.14 kB
.vercel/output/functions/__server.func/_ssr/ssr.mjs                              75.37 kB │ gzip:  19.74 kB
.vercel/output/functions/__server.func/_ssr/router-VSF1KBkx.mjs                  76.96 kB │ gzip:  17.57 kB
.vercel/output/functions/__server.func/_libs/tailwind-merge.mjs                  88.95 kB │ gzip:  15.73 kB
.vercel/output/functions/__server.func/_ssr/route-memory-C-pJGyt4.mjs            94.83 kB │ gzip:  29.99 kB
.vercel/output/functions/__server.func/_libs/tanstack__query-core.mjs           113.32 kB │ gzip:  26.60 kB
.vercel/output/functions/__server.func/_libs/pg.mjs                             151.23 kB │ gzip:  34.91 kB
.vercel/output/functions/__server.func/_libs/zod.mjs                            168.05 kB │ gzip:  37.42 kB
.vercel/output/functions/__server.func/_ssr/story-Bv8zJnoy.mjs                  308.67 kB │ gzip:  81.96 kB
.vercel/output/functions/__server.func/_ssr/routes-B5avQBpp.mjs                 527.22 kB │ gzip: 138.97 kB
.vercel/output/functions/__server.func/_libs/electric-sql__pglite.mjs           752.22 kB │ gzip: 153.32 kB
.vercel/output/functions/__server.func/_libs/@tanstack/react-router+[...].mjs   801.45 kB │ gzip: 168.08 kB

[33m[MODULE_LEVEL_DIRECTIVE] [0mThe semantics of the module level directive "use client" in "../../edf34a5d3bf1/inbound/node_modules/@tanstack/react-router/dist/esm/index.js" may not be preserved when bundling.
   [38;5;246m╭[0m[38;5;246m─[0m[38;5;246m[[0m ../../edf34a5d3bf1/inbound/node_modules/@tanstack/react-router/dist/esm/index.js:1:1 [38;5;246m][0m
   [38;5;246m│[0m
 [38;5;246m1 │[0m "use client";
 [38;5;240m  │[0m ──────┬──────  
 [38;5;240m  │[0m       ╰──────── module level directive may not be preserved
 [38;5;240m  │[0m 
 [38;5;240m  │[0m [38;5;115mHelp[0m: For more information, see https://rolldown.rs/in-depth/directives#other-directives
[38;5;246m───╯[0m

[33m[MODULE_LEVEL_DIRECTIVE] [0mThe semantics of the module level directive "use client" in "../../edf34a5d3bf1/inbound/node_modules/@tanstack/react-router/dist/esm/utils.js" may not be preserved when bundling.
   [38;5;246m╭[0m[38;5;246m─[0m[38;5;246m[[0m ../../edf34a5d3bf1/inbound/node_modules/@tanstack/react-router/dist/esm/utils.js:1:1 [38;5;246m][0m
   [38;5;246m│[0m
 [38;5;246m1 │[0m "use client";
 [38;5;240m  │[0m ──────┬──────  
 [38;5;240m  │[0m       ╰──────── module level directive may not be preserved
 [38;5;240m  │[0m 
 [38;5;240m  │[0m [38;5;115mHelp[0m: For more information, see https://rolldown.rs/in-depth/directives#other-directives
[38;5;246m───╯[0m

[33m[MODULE_LEVEL_DIRECTIVE] [0mThe semantics of the module level directive "use client" in "../../edf34a5d3bf1/inbound/node_modules/@tanstack/react-router/dist/esm/useMatch.js" may not be preserved when bundling.
   [38;5;246m╭[0m[38;5;246m─[0m[38;5;246m[[0m ../../edf34a5d3bf1/inbound/node_modules/@tanstack/react-router/dist/esm/useMatch.js:1:1 [38;5;246m][0m
   [38;5;246m│[0m
 [38;5;246m1 │[0m "use client";
 [38;5;240m  │[0m ──────┬──────  
 [38;5;240m  │[0m       ╰──────── module level directive may not be preserved
 [38;5;240m  │[0m 
 [38;5;240m  │[0m [38;5;115mHelp[0m: For more information, see https://rolldown.rs/in-depth/directives#other-directives
[38;5;246m───╯[0m

[33m[MODULE_LEVEL_DIRECTIVE] [0mThe semantics of the module level directive "use client" in "../../edf34a5d3bf1/inbound/node_modules/@tanstack/react-router/dist/esm/useNavigate.js" may not be preserved when bundling.
   [38;5;246m╭[0m[38;5;246m─[0m[38;5;246m[[0m ../../edf34a5d3bf1/inbound/node_modules/@tanstack/react-router/dist/esm/useNavigate.js:1:1 [38;5;246m][0m
   [38;5;246m│[0m
 [38;5;246m1 │[0m "use client";
 [38;5;240m  │[0m ──────┬──────  
 [38;5;240m  │[0m       ╰──────── module level directive may not be preserved
 [38;5;240m  │[0m 
 [38;5;240m  │[0m [38;5;115mHelp[0m: For more information, see https://rolldown.rs/in-depth/directives#other-directives
[38;5;246m───╯[0m

[33m[MODULE_LEVEL_DIRECTIVE] [0mThe semantics of the module level directive "use client" in "../../edf34a5d3bf1/inbound/node_modules/@tanstack/react-router/dist/esm/CatchBoundary.js" may not be preserved when bundling.
   [38;5;246m╭[0m[38;5;246m─[0m[38;5;246m[[0m ../../edf34a5d3bf1/inbound/node_modules/@tanstack/react-router/dist/esm/CatchBoundary.js:1:1 [38;5;246m][0m
   [38;5;246m│[0m
 [38;5;246m1 │[0m "use client";
 [38;5;240m  │[0m ──────┬──────  
 [38;5;240m  │[0m       ╰──────── module level directive may not be preserved
 [38;5;240m  │[0m 
 [38;5;240m  │[0m [38;5;115mHelp[0m: For more information, see https://rolldown.rs/in-depth/directives#other-directives
[38;5;246m───╯[0m

[33m[MODULE_LEVEL_DIRECTIVE] [0mThe semantics of the module level directive "use client" in "../../edf34a5d3bf1/inbound/node_modules/@tanstack/react-router/dist/esm/ClientOnly.js" may not be preserved when bundling.
   [38;5;246m╭[0m[38;5;246m─[0m[38;5;246m[[0m ../../edf34a5d3bf1/inbound/node_modules/@tanstack/react-router/dist/esm/ClientOnly.js:1:1 [38;5;246m][0m
   [38;5;246m│[0m
 [38;5;246m1 │[0m "use client";
 [38;5;240m  │[0m ──────┬──────  
 [38;5;240m  │[0m       ╰──────── module level directive may not be preserved
 [38;5;240m  │[0m 
 [38;5;240m  │[0m [38;5;115mHelp[0m: For more information, see https://rolldown.rs/in-depth/directives#other-directives
[38;5;246m───╯[0m

[33m[MODULE_LEVEL_DIRECTIVE] [0mThe semantics of the module level directive "use client" in "../../edf34a5d3bf1/inbound/node_modules/@tanstack/react-router/dist/esm/useRouter.js" may not be preserved when bundling.
   [38;5;246m╭[0m[38;5;246m─[0m[38;5;246m[[0m ../../edf34a5d3bf1/inbound/node_modules/@tanstack/react-router/dist/esm/useRouter.js:1:1 [38;5;246m][0m
   [38;5;246m│[0m
 [38;5;246m1 │[0m "use client";
 [38;5;240m  │[0m ──────┬──────  
 [38;5;240m  │[0m       ╰──────── module level directive may not be preserved
 [38;5;240m  │[0m 
 [38;5;240m  │[0m [38;5;115mHelp[0m: For more information, see https://rolldown.rs/in-depth/directives#other-directives
[38;5;246m───╯[0m

[33m[MODULE_LEVEL_DIRECTIVE] [0mThe semantics of the module level directive "use client" in "../../edf34a5d3bf1/inbound/node_modules/@tanstack/react-router/dist/esm/RouterProvider.js" may not be preserved when bundling.
   [38;5;246m╭[0m[38;5;246m─[0m[38;5;246m[[0m ../../edf34a5d3bf1/inbound/node_modules/@tanstack/react-router/dist/esm/RouterProvider.js:1:1 [38;5;246m][0m
   [38;5;246m│[0m
 [38;5;246m1 │[0m "use client";
 [38;5;240m  │[0m ──────┬──────  
 [38;5;240m  │[0m       ╰──────── module level directive may not be preserved
 [38;5;240m  │[0m 
 [38;5;240m  │[0m [38;5;115mHelp[0m: For more information, see https://rolldown.rs/in-depth/directives#other-directives
[38;5;246m───╯[0m

[33m[MODULE_LEVEL_DIRECTIVE] [0mThe semantics of the module level directive "use client" in "../../edf34a5d3bf1/inbound/node_modules/@tanstack/react-router/dist/esm/useBlocker.js" may not be preserved when bundling.
   [38;5;246m╭[0m[38;5;246m─[0m[38;5;246m[[0m ../../edf34a5d3bf1/inbound/node_modules/@tanstack/react-router/dist/esm/useBlocker.js:1:1 [38;5;246m][0m
   [38;5;246m│[0m
 [38;5;246m1 │[0m "use client";
 [38;5;240m  │[0m ──────┬──────  
 [38;5;240m  │[0m       ╰──────── module level directive may not be preserved
 [38;5;240m  │[0m 
 [38;5;240m  │[0m [38;5;115mHelp[0m: For more information, see https://rolldown.rs/in-depth/directives#other-directives
[38;5;246m───╯[0m

[33m[MODULE_LEVEL_DIRECTIVE] [0mThe semantics of the module level directive "use client" in "../../edf34a5d3bf1/inbound/node_modules/@tanstack/react-router/dist/esm/useLocation.js" may not be preserved when bundling.
   [38;5;246m╭[0m[38;5;246m─[0m[38;5;246m[[0m ../../edf34a5d3bf1/inbound/node_modules/@tanstack/react-router/dist/esm/useLocation.js:1:1 [38;5;246m][0m
   [38;5;246m│[0m
 [38;5;246m1 │[0m "use client";
 [38;5;240m  │[0m ──────┬──────  
 [38;5;240m  │[0m       ╰──────── module level directive may not be preserved
 [38;5;240m  │[0m 
 [38;5;240m  │[0m [38;5;115mHelp[0m: For more information, see https://rolldown.rs/in-depth/directives#other-directives
[38;5;246m───╯[0m

[33m[MODULE_LEVEL_DIRECTIVE] [0mThe semantics of the module level directive "use client" in "../../edf34a5d3bf1/inbound/node_modules/@tanstack/react-router/dist/esm/useRouterState.js" may not be preserved when bundling.
   [38;5;246m╭[0m[38;5;246m─[0m[38;5;246m[[0m ../../edf34a5d3bf1/inbound/node_modules/@tanstack/react-router/dist/esm/useRouterState.js:1:1 [38;5;246m][0m
   [38;5;246m│[0m
 [38;5;246m1 │[0m "use client";
 [38;5;240m  │[0m ──────┬──────  
 [38;5;240m  │[0m       ╰──────── module level directive may not be preserved
 [38;5;240m  │[0m 
 [38;5;240m  │[0m [38;5;115mHelp[0m: For more information, see https://rolldown.rs/in-depth/directives#other-directives
[38;5;246m───╯[0m

[33m[MODULE_LEVEL_DIRECTIVE] [0mThe semantics of the module level directive "use client" in "../../edf34a5d3bf1/inbound/node_modules/@tanstack/react-router/dist/esm/link.js" may not be preserved when bundling.
   [38;5;246m╭[0m[38;5;246m─[0m[38;5;246m[[0m ../../edf34a5d3bf1/inbound/node_modules/@tanstack/react-router/dist/esm/link.js:1:1 [38;5;246m][0m
   [38;5;246m│[0m
 [38;5;246m1 │[0m "use client";
 [38;5;240m  │[0m ──────┬──────  
 [38;5;240m  │[0m       ╰──────── module level directive may not be preserved
 [38;5;240m  │[0m 
 [38;5;240m  │[0m [38;5;115mHelp[0m: For more information, see https://rolldown.rs/in-depth/directives#other-directives
[38;5;246m───╯[0m

[33m[MODULE_LEVEL_DIRECTIVE] [0mThe semantics of the module level directive "use client" in "../../edf34a5d3bf1/inbound/node_modules/@tanstack/react-router/dist/esm/HeadContent.js" may not be preserved when bundling.
   [38;5;246m╭[0m[38;5;246m─[0m[38;5;246m[[0m ../../edf34a5d3bf1/inbound/node_modules/@tanstack/react-router/dist/esm/HeadContent.js:1:1 [38;5;246m][0m
   [38;5;246m│[0m
 [38;5;246m1 │[0m "use client";
 [38;5;240m  │[0m ──────┬──────  
 [38;5;240m  │[0m       ╰──────── module level directive may not be preserved
 [38;5;240m  │[0m 
 [38;5;240m  │[0m [38;5;115mHelp[0m: For more information, see https://rolldown.rs/in-depth/directives#other-directives
[38;5;246m───╯[0m

[33m[MODULE_LEVEL_DIRECTIVE] [0mThe semantics of the module level directive "use client" in "../../edf34a5d3bf1/inbound/node_modules/@tanstack/react-router/dist/esm/Matches.js" may not be preserved when bundling.
   [38;5;246m╭[0m[38;5;246m─[0m[38;5;246m[[0m ../../edf34a5d3bf1/inbound/node_modules/@tanstack/react-router/dist/esm/Matches.js:1:1 [38;5;246m][0m
   [38;5;246m│[0m
 [38;5;246m1 │[0m "use client";
 [38;5;240m  │[0m ──────┬──────  
 [38;5;240m  │[0m       ╰──────── module level directive may not be preserved
 [38;5;240m  │[0m 
 [38;5;240m  │[0m [38;5;115mHelp[0m: For more information, see https://rolldown.rs/in-depth/directives#other-directives
[38;5;246m───╯[0m

[33m[MODULE_LEVEL_DIRECTIVE] [0mThe semantics of the module level directive "use client" in "../../edf34a5d3bf1/inbound/node_modules/@tanstack/react-router/dist/esm/Match.js" may not be preserved when bundling.
   [38;5;246m╭[0m[38;5;246m─[0m[38;5;246m[[0m ../../edf34a5d3bf1/inbound/node_modules/@tanstack/react-router/dist/esm/Match.js:1:1 [38;5;246m][0m
   [38;5;246m│[0m
 [38;5;246m1 │[0m "use client";
 [38;5;240m  │[0m ──────┬──────  
 [38;5;240m  │[0m       ╰──────── module level directive may not be preserved
 [38;5;240m  │[0m 
 [38;5;240m  │[0m [38;5;115mHelp[0m: For more information, see https://rolldown.rs/in-depth/directives#other-directives
[38;5;246m───╯[0m

[33m[MODULE_LEVEL_DIRECTIVE] [0mThe semantics of the module level directive "use client" in "../../edf34a5d3bf1/inbound/node_modules/@tanstack/react-router/dist/esm/Asset.js" may not be preserved when bundling.
   [38;5;246m╭[0m[38;5;246m─[0m[38;5;246m[[0m ../../edf34a5d3bf1/inbound/node_modules/@tanstack/react-router/dist/esm/Asset.js:1:1 [38;5;246m][0m
   [38;5;246m│[0m
 [38;5;246m1 │[0m "use client";
 [38;5;240m  │[0m ──────┬──────  
 [38;5;240m  │[0m       ╰──────── module level directive may not be preserved
 [38;5;240m  │[0m 
 [38;5;240m  │[0m [38;5;115mHelp[0m: For more information, see https://rolldown.rs/in-depth/directives#other-directives
[38;5;246m───╯[0m

[33m[MODULE_LEVEL_DIRECTIVE] [0mThe semantics of the module level directive "use client" in "../../edf34a5d3bf1/inbound/node_modules/@tanstack/react-router/dist/esm/matchContext.js" may not be preserved when bundling.
   [38;5;246m╭[0m[38;5;246m─[0m[38;5;246m[[0m ../../edf34a5d3bf1/inbound/node_modules/@tanstack/react-router/dist/esm/matchContext.js:1:1 [38;5;246m][0m
   [38;5;246m│[0m
 [38;5;246m1 │[0m "use client";
 [38;5;240m  │[0m ──────┬──────  
 [38;5;240m  │[0m       ╰──────── module level directive may not be preserved
 [38;5;240m  │[0m 
 [38;5;240m  │[0m [38;5;115mHelp[0m: For more information, see https://rolldown.rs/in-depth/directives#other-directives
[38;5;246m───╯[0m

[33m[MODULE_LEVEL_DIRECTIVE] [0mThe semantics of the module level directive "use client" in "../../edf34a5d3bf1/inbound/node_modules/@tanstack/react-router/dist/esm/routerContext.js" may not be preserved when bundling.
   [38;5;246m╭[0m[38;5;246m─[0m[38;5;246m[[0m ../../edf34a5d3bf1/inbound/node_modules/@tanstack/react-router/dist/esm/routerContext.js:1:1 [38;5;246m][0m
   [38;5;246m│[0m
 [38;5;246m1 │[0m "use client";
 [38;5;240m  │[0m ──────┬──────  
 [38;5;240m  │[0m       ╰──────── module level directive may not be preserved
 [38;5;240m  │[0m 
 [38;5;240m  │[0m [38;5;115mHelp[0m: For more information, see https://rolldown.rs/in-depth/directives#other-directives
[38;5;246m───╯[0m

[33m[MODULE_LEVEL_DIRECTIVE] [0mThe semantics of the module level directive "use client" in "../../edf34a5d3bf1/inbound/node_modules/@tanstack/react-query/build/modern/IsRestoringProvider.js" may not be preserved when bundling.
   [38;5;246m╭[0m[38;5;246m─[0m[38;5;246m[[0m ../../edf34a5d3bf1/inbound/node_modules/@tanstack/react-query/build/modern/IsRestoringProvider.js:1:1 [38;5;246m][0m
   [38;5;246m│[0m
 [38;5;246m1 │[0m "use client";
 [38;5;240m  │[0m ──────┬──────  
 [38;5;240m  │[0m       ╰──────── module level directive may not be preserved
 [38;5;240m  │[0m 
 [38;5;240m  │[0m [38;5;115mHelp[0m: For more information, see https://rolldown.rs/in-depth/directives#other-directives
[38;5;246m───╯[0m

[33m[MODULE_LEVEL_DIRECTIVE] [0mThe semantics of the module level directive "use client" in "../../edf34a5d3bf1/inbound/node_modules/@tanstack/react-query/build/modern/QueryClientProvider.js" may not be preserved when bundling.
   [38;5;246m╭[0m[38;5;246m─[0m[38;5;246m[[0m ../../edf34a5d3bf1/inbound/node_modules/@tanstack/react-query/build/modern/QueryClientProvider.js:1:1 [38;5;246m][0m
   [38;5;246m│[0m
 [38;5;246m1 │[0m "use client";
 [38;5;240m  │[0m ──────┬──────  
 [38;5;240m  │[0m       ╰──────── module level directive may not be preserved
 [38;5;240m  │[0m 
 [38;5;240m  │[0m [38;5;115mHelp[0m: For more information, see https://rolldown.rs/in-depth/directives#other-directives
[38;5;246m───╯[0m

[33m[MODULE_LEVEL_DIRECTIVE] [0mThe semantics of the module level directive "use client" in "../../edf34a5d3bf1/inbound/node_modules/@tanstack/react-router/dist/esm/nonRouteComponentContext.js" may not be preserved when bundling.
   [38;5;246m╭[0m[38;5;246m─[0m[38;5;246m[[0m ../../edf34a5d3bf1/inbound/node_modules/@tanstack/react-router/dist/esm/nonRouteComponentContext.js:1:1 [38;5;246m][0m
   [38;5;246m│[0m
 [38;5;246m1 │[0m "use client";
 [38;5;240m  │[0m ──────┬──────  
 [38;5;240m  │[0m       ╰──────── module level directive may not be preserved
 [38;5;240m  │[0m 
 [38;5;240m  │[0m [38;5;115mHelp[0m: For more information, see https://rolldown.rs/in-depth/directives#other-directives
[38;5;246m───╯[0m

[33m[MODULE_LEVEL_DIRECTIVE] [0mThe semantics of the module level directive "use client" in "../../edf34a5d3bf1/inbound/node_modules/@tanstack/react-query/build/modern/HydrationBoundary.js" may not be preserved when bundling.
   [38;5;246m╭[0m[38;5;246m─[0m[38;5;246m[[0m ../../edf34a5d3bf1/inbound/node_modules/@tanstack/react-query/build/modern/HydrationBoundary.js:1:1 [38;5;246m][0m
   [38;5;246m│[0m
 [38;5;246m1 │[0m "use client";
 [38;5;240m  │[0m ──────┬──────  
 [38;5;240m  │[0m       ╰──────── module level directive may not be preserved
 [38;5;240m  │[0m 
 [38;5;240m  │[0m [38;5;115mHelp[0m: For more information, see https://rolldown.rs/in-depth/directives#other-directives
[38;5;246m───╯[0m

[33m[MODULE_LEVEL_DIRECTIVE] [0mThe semantics of the module level directive "use client" in "../../edf34a5d3bf1/inbound/node_modules/@tanstack/react-router/dist/esm/Transitioner.js" may not be preserved when bundling.
   [38;5;246m╭[0m[38;5;246m─[0m[38;5;246m[[0m ../../edf34a5d3bf1/inbound/node_modules/@tanstack/react-router/dist/esm/Transitioner.js:1:1 [38;5;246m][0m
   [38;5;246m│[0m
 [38;5;246m1 │[0m "use client";
 [38;5;240m  │[0m ──────┬──────  
 [38;5;240m  │[0m       ╰──────── module level directive may not be preserved
 [38;5;240m  │[0m 
 [38;5;240m  │[0m [38;5;115mHelp[0m: For more information, see https://rolldown.rs/in-depth/directives#other-directives
[38;5;246m───╯[0m

[33m[MODULE_LEVEL_DIRECTIVE] [0mThe semantics of the module level directive "use client" in "../../edf34a5d3bf1/inbound/node_modules/@tanstack/react-query/build/modern/useSuspenseQuery.js" may not be preserved when bundling.
   [38;5;246m╭[0m[38;5;246m─[0m[38;5;246m[[0m ../../edf34a5d3bf1/inbound/node_modules/@tanstack/react-query/build/modern/useSuspenseQuery.js:1:1 [38;5;246m][0m
   [38;5;246m│[0m
 [38;5;246m1 │[0m "use client";
 [38;5;240m  │[0m ──────┬──────  
 [38;5;240m  │[0m       ╰──────── module level directive may not be preserved
 [38;5;240m  │[0m 
 [38;5;240m  │[0m [38;5;115mHelp[0m: For more information, see https://rolldown.rs/in-depth/directives#other-directives
[38;5;246m───╯[0m

[33m[MODULE_LEVEL_DIRECTIVE] [0mThe semantics of the module level directive "use client" in "../../edf34a5d3bf1/inbound/node_modules/@tanstack/react-query/build/modern/useInfiniteQuery.js" may not be preserved when bundling.
   [38;5;246m╭[0m[38;5;246m─[0m[38;5;246m[[0m ../../edf34a5d3bf1/inbound/node_modules/@tanstack/react-query/build/modern/useInfiniteQuery.js:1:1 [38;5;246m][0m
   [38;5;246m│[0m
 [38;5;246m1 │[0m "use client";
 [38;5;240m  │[0m ──────┬──────  
 [38;5;240m  │[0m       ╰──────── module level directive may not be preserved
 [38;5;240m  │[0m 
 [38;5;240m  │[0m [38;5;115mHelp[0m: For more information, see https://rolldown.rs/in-depth/directives#other-directives
[38;5;246m───╯[0m

[33m[MODULE_LEVEL_DIRECTIVE] [0mThe semantics of the module level directive "use client" in "../../edf34a5d3bf1/inbound/node_modules/@tanstack/react-query/build/modern/useMutationState.js" may not be preserved when bundling.
   [38;5;246m╭[0m[38;5;246m─[0m[38;5;246m[[0m ../../edf34a5d3bf1/inbound/node_modules/@tanstack/react-query/build/modern/useMutationState.js:1:1 [38;5;246m][0m
   [38;5;246m│[0m
 [38;5;246m1 │[0m "use client";
 [38;5;240m  │[0m ──────┬──────  
 [38;5;240m  │[0m       ╰──────── module level directive may not be preserved
 [38;5;240m  │[0m 
 [38;5;240m  │[0m [38;5;115mHelp[0m: For more information, see https://rolldown.rs/in-depth/directives#other-directives
[38;5;246m───╯[0m

[33m[MODULE_LEVEL_DIRECTIVE] [0mThe semantics of the module level directive "use client" in "../../edf34a5d3bf1/inbound/node_modules/@tanstack/react-query/build/modern/useQuery.js" may not be preserved when bundling.
   [38;5;246m╭[0m[38;5;246m─[0m[38;5;246m[[0m ../../edf34a5d3bf1/inbound/node_modules/@tanstack/react-query/build/modern/useQuery.js:1:1 [38;5;246m][0m
   [38;5;246m│[0m
 [38;5;246m1 │[0m "use client";
 [38;5;240m  │[0m ──────┬──────  
 [38;5;240m  │[0m       ╰──────── module level directive may not be preserved
 [38;5;240m  │[0m 
 [38;5;240m  │[0m [38;5;115mHelp[0m: For more information, see https://rolldown.rs/in-depth/directives#other-directives
[38;5;246m───╯[0m

[33m[MODULE_LEVEL_DIRECTIVE] [0mThe semantics of the module level directive "use client" in "../../edf34a5d3bf1/inbound/node_modules/@tanstack/react-query/build/modern/useSuspenseQueries.js" may not be preserved when bundling.
   [38;5;246m╭[0m[38;5;246m─[0m[38;5;246m[[0m ../../edf34a5d3bf1/inbound/node_modules/@tanstack/react-query/build/modern/useSuspenseQueries.js:1:1 [38;5;246m][0m
   [38;5;246m│[0m
 [38;5;246m1 │[0m "use client";
 [38;5;240m  │[0m ──────┬──────  
 [38;5;240m  │[0m       ╰──────── module level directive may not be preserved
 [38;5;240m  │[0m 
 [38;5;240m  │[0m [38;5;115mHelp[0m: For more information, see https://rolldown.rs/in-depth/directives#other-directives
[38;5;246m───╯[0m

[33m[MODULE_LEVEL_DIRECTIVE] [0mThe semantics of the module level directive "use client" in "../../edf34a5d3bf1/inbound/node_modules/@tanstack/react-query/build/modern/useSuspenseInfiniteQuery.js" may not be preserved when bundling.
   [38;5;246m╭[0m[38;5;246m─[0m[38;5;246m[[0m ../../edf34a5d3bf1/inbound/node_modules/@tanstack/react-query/build/modern/useSuspenseInfiniteQuery.js:1:1 [38;5;246m][0m
   [38;5;246m│[0m
 [38;5;246m1 │[0m "use client";
 [38;5;240m  │[0m ──────┬──────  
 [38;5;240m  │[0m       ╰──────── module level directive may not be preserved
 [38;5;240m  │[0m 
 [38;5;240m  │[0m [38;5;115mHelp[0m: For more information, see https://rolldown.rs/in-depth/directives#other-directives
[38;5;246m───╯[0m

[33m[MODULE_LEVEL_DIRECTIVE] [0mThe semantics of the module level directive "use client" in "../../edf34a5d3bf1/inbound/node_modules/@tanstack/react-query/build/modern/QueryErrorResetBoundary.js" may not be preserved when bundling.
   [38;5;246m╭[0m[38;5;246m─[0m[38;5;246m[[0m ../../edf34a5d3bf1/inbound/node_modules/@tanstack/react-query/build/modern/QueryErrorResetBoundary.js:1:1 [38;5;246m][0m
   [38;5;246m│[0m
 [38;5;246m1 │[0m "use client";
 [38;5;240m  │[0m ──────┬──────  
 [38;5;240m  │[0m       ╰──────── module level directive may not be preserved
 [38;5;240m  │[0m 
 [38;5;240m  │[0m [38;5;115mHelp[0m: For more information, see https://rolldown.rs/in-depth/directives#other-directives
[38;5;246m───╯[0m

[33m[MODULE_LEVEL_DIRECTIVE] [0mThe semantics of the module level directive "use client" in "../../edf34a5d3bf1/inbound/node_modules/@tanstack/react-query/build/modern/useMutation.js" may not be preserved when bundling.
   [38;5;246m╭[0m[38;5;246m─[0m[38;5;246m[[0m ../../edf34a5d3bf1/inbound/node_modules/@tanstack/react-query/build/modern/useMutation.js:1:1 [38;5;246m][0m
   [38;5;246m│[0m
 [38;5;246m1 │[0m "use client";
 [38;5;240m  │[0m ──────┬──────  
 [38;5;240m  │[0m       ╰──────── module level directive may not be preserved
 [38;5;240m  │[0m 
 [38;5;240m  │[0m [38;5;115mHelp[0m: For more information, see https://rolldown.rs/in-depth/directives#other-directives
[38;5;246m───╯[0m

[33m[MODULE_LEVEL_DIRECTIVE] [0mThe semantics of the module level directive "use client" in "../../edf34a5d3bf1/inbound/node_modules/sonner/dist/index.mjs" may not be preserved when bundling.
   [38;5;246m╭[0m[38;5;246m─[0m[38;5;246m[[0m ../../edf34a5d3bf1/inbound/node_modules/sonner/dist/index.mjs:1:1 [38;5;246m][0m
   [38;5;246m│[0m
 [38;5;246m1 │[0m 'use client';
 [38;5;240m  │[0m ──────┬──────  
 [38;5;240m  │[0m       ╰──────── module level directive may not be preserved
 [38;5;240m  │[0m 
 [38;5;240m  │[0m [38;5;115mHelp[0m: For more information, see https://rolldown.rs/in-depth/directives#other-directives
[38;5;246m───╯[0m

[33m[MODULE_LEVEL_DIRECTIVE] [0mThe semantics of the module level directive "use client" in "../../edf34a5d3bf1/inbound/node_modules/@tanstack/react-query/build/modern/useIsFetching.js" may not be preserved when bundling.
   [38;5;246m╭[0m[38;5;246m─[0m[38;5;246m[[0m ../../edf34a5d3bf1/inbound/node_modules/@tanstack/react-query/build/modern/useIsFetching.js:1:1 [38;5;246m][0m
   [38;5;246m│[0m
 [38;5;246m1 │[0m "use client";
 [38;5;240m  │[0m ──────┬──────  
 [38;5;240m  │[0m       ╰──────── module level directive may not be preserved
 [38;5;240m  │[0m 
 [38;5;240m  │[0m [38;5;115mHelp[0m: For more information, see https://rolldown.rs/in-depth/directives#other-directives
[38;5;246m───╯[0m

[33m[MODULE_LEVEL_DIRECTIVE] [0mThe semantics of the module level directive "use client" in "../../edf34a5d3bf1/inbound/node_modules/@tanstack/react-query/build/modern/useQueries.js" may not be preserved when bundling.
   [38;5;246m╭[0m[38;5;246m─[0m[38;5;246m[[0m ../../edf34a5d3bf1/inbound/node_modules/@tanstack/react-query/build/modern/useQueries.js:1:1 [38;5;246m][0m
   [38;5;246m│[0m
 [38;5;246m1 │[0m "use client";
 [38;5;240m  │[0m ──────┬──────  
 [38;5;240m  │[0m       ╰──────── module level directive may not be preserved
 [38;5;240m  │[0m 
 [38;5;240m  │[0m [38;5;115mHelp[0m: For more information, see https://rolldown.rs/in-depth/directives#other-directives
[38;5;246m───╯[0m

[33m[MODULE_LEVEL_DIRECTIVE] [0mThe semantics of the module level directive "use client" in "../../edf34a5d3bf1/inbound/node_modules/@tanstack/react-query/build/modern/useBaseQuery.js" may not be preserved when bundling.
   [38;5;246m╭[0m[38;5;246m─[0m[38;5;246m[[0m ../../edf34a5d3bf1/inbound/node_modules/@tanstack/react-query/build/modern/useBaseQuery.js:1:1 [38;5;246m][0m
   [38;5;246m│[0m
 [38;5;246m1 │[0m "use client";
 [38;5;240m  │[0m ──────┬──────  
 [38;5;240m  │[0m       ╰──────── module level directive may not be preserved
 [38;5;240m  │[0m 
 [38;5;240m  │[0m [38;5;115mHelp[0m: For more information, see https://rolldown.rs/in-depth/directives#other-directives
[38;5;246m───╯[0m

[33m[MODULE_LEVEL_DIRECTIVE] [0mThe semantics of the module level directive "use client" in "../../edf34a5d3bf1/inbound/node_modules/@tanstack/react-query/build/modern/errorBoundaryUtils.js" may not be preserved when bundling.
   [38;5;246m╭[0m[38;5;246m─[0m[38;5;246m[[0m ../../edf34a5d3bf1/inbound/node_modules/@tanstack/react-query/build/modern/errorBoundaryUtils.js:1:1 [38;5;246m][0m
   [38;5;246m│[0m
 [38;5;246m1 │[0m "use client";
 [38;5;240m  │[0m ──────┬──────  
 [38;5;240m  │[0m       ╰──────── module level directive may not be preserved
 [38;5;240m  │[0m 
 [38;5;240m  │[0m [38;5;115mHelp[0m: For more information, see https://rolldown.rs/in-depth/directives#other-directives
[38;5;246m───╯[0m

✓ built in 435ms
ℹ Generated .vercel/output/nitro.json

[nitro] ✔ You can preview this build using npx vite preview
[nitro] ✔ You can deploy this build using npx nitro deploy --prebuilt
npm warn Unknown env config "http-proxy". This will stop working in the next major version of npm.

> db:migrate
> node scripts/migrate.mjs

[migrate] DATABASE_URL not set — skipping (the PGLite fallback migrates itself).
